BR-462 Prototype # 1  w/o 1971 W/C Narayanan 
BR-463 Prototype #2  Pvd Nehru Science Center
BD-828 1st Pre Production
BD-829 2nd Pre Production
BD-830 3rd Pre Production
BD-831		PPP # 4			
BD-832		PPP # 5			
BD-833		PPP # 6			
BD-834		PPP # 7			
BD-835		PPP # 8			
BD-836		PPP # 9			
BD-837		PPP # 10			
BD-838		PPP # 11			
BD-839		PPP # 12			
BD-840		PPP # 13			
BD-841		PPP # 14			
BD-842		PPP # 15			
BD-843		PPP # 16			
BD-844					
BD-845
BD-846			
BD-847			
BD-848			
BD-849			
BD-850  w/o 27 Jul 71 Wg Cdr J K Mohlah
BD-851			
BD-852			
BD-853			
BD-854			
BD-855				
BD-856			
BD-857			
BD-858			
BD-859	w/o Dec 71 Sqn Ldr A V Kamat
BD-883
BD-884	Pvd Vishweswaraya Indl & Tech Museum 
BD-885			
BD-886			
BD-887			
D-1193	220 Sqdn  w/o Dec 71 Flt Lt P V Apte
D-1196	10 Sqdn	
D-1198 Pvd Jodhpur
D-1201 Pvd Kamala Nehru Park, Pune
D-1205 Pvd IAF Museum Palam
D-1208				
D-1209				
D-1210			
D-1211
D-1212
D-1213			
D-1214			
D-1224			
D-1225				
D-1235				
D-1237 Pvd Sam Road, near Airport.
D-1256 Pvd Deutsche Museum, Germany
D-1274 Pvd Offr Mess, AF HQ Delhi
D-1277 Pvd Airforce School, Agra AFS
 .
